  BankSystemOOP.cpp
C:\Users\soumaia\Desktop\O\BankSystemOOP\BankSystemOOP\BankSystemOOP\clsString.h(39,25): warning C4267: 'return': conversion from 'size_t' to 'int', possible loss of data
  (compiling source file 'BankSystemOOP.cpp')
  
C:\Users\soumaia\Desktop\O\BankSystemOOP\BankSystemOOP\BankSystemOOP\clsString.h(44,29): warning C4267: 'return': conversion from 'size_t' to 'int', possible loss of data
  (compiling source file 'BankSystemOOP.cpp')
  
C:\Users\soumaia\Desktop\O\BankSystemOOP\BankSystemOOP\BankSystemOOP\clsString.h(56,30): warning C4267: '=': conversion from 'size_t' to 'short', possible loss of data
  (compiling source file 'BankSystemOOP.cpp')
  
C:\Users\soumaia\Desktop\O\BankSystemOOP\BankSystemOOP\BankSystemOOP\clsString.h(193,29): warning C4267: 'return': conversion from 'size_t' to 'short', possible loss of data
  (compiling source file 'BankSystemOOP.cpp')
  
C:\Users\soumaia\Desktop\O\BankSystemOOP\BankSystemOOP\BankSystemOOP\clsString.h(324,30): warning C4267: '=': conversion from 'size_t' to 'short', possible loss of data
  (compiling source file 'BankSystemOOP.cpp')
  
C:\Users\soumaia\Desktop\O\BankSystemOOP\BankSystemOOP\BankSystemOOP\clsString.h(372,22): warning C4267: 'initializing': conversion from 'size_t' to 'short', possible loss of data
  (compiling source file 'BankSystemOOP.cpp')
  
C:\Users\soumaia\Desktop\O\BankSystemOOP\BankSystemOOP\BankSystemOOP\clsBankClient.h(191,9): warning C4240: nonstandard extension used: access to 'clsBankClient::stTransferLog' now defined to be 'public', previously it was defined to be 'private'
  (compiling source file 'BankSystemOOP.cpp')
      C:\Users\soumaia\Desktop\O\BankSystemOOP\BankSystemOOP\BankSystemOOP\clsBankClient.h(16,9):
      see declaration of 'clsBankClient::stTransferLog'
  
C:\Users\soumaia\Desktop\O\BankSystemOOP\BankSystemOOP\BankSystemOOP\clsBankClient.h(51,144): warning C4244: 'argument': conversion from 'double' to 'float', possible loss of data
  (compiling source file 'BankSystemOOP.cpp')
  
C:\Users\soumaia\Desktop\O\BankSystemOOP\BankSystemOOP\BankSystemOOP\clsBankClient.h(350,10): warning C4244: 'return': conversion from 'double' to 'float', possible loss of data
  (compiling source file 'BankSystemOOP.cpp')
  
C:\Users\soumaia\Desktop\O\BankSystemOOP\BankSystemOOP\BankSystemOOP\clsBankClient.h(355,22): warning C4244: '+=': conversion from 'double' to 'float', possible loss of data
  (compiling source file 'BankSystemOOP.cpp')
  
C:\Users\soumaia\Desktop\O\BankSystemOOP\BankSystemOOP\BankSystemOOP\clsBankClient.h(363,23): warning C4244: '-=': conversion from 'double' to 'float', possible loss of data
  (compiling source file 'BankSystemOOP.cpp')
  
C:\Users\soumaia\Desktop\O\BankSystemOOP\BankSystemOOP\BankSystemOOP\clsInputValidate.h(123,26): warning C4244: '=': conversion from 'double' to 'float', possible loss of data
  (compiling source file 'BankSystemOOP.cpp')
  
C:\Users\soumaia\Desktop\O\BankSystemOOP\BankSystemOOP\BankSystemOOP\clsUtil.h(67,5): warning C4102: 'defualt': unreferenced label
  (compiling source file 'BankSystemOOP.cpp')
  
C:\Users\soumaia\Desktop\O\BankSystemOOP\BankSystemOOP\BankSystemOOP\clsUser.h(215,12): warning C4240: nonstandard extension used: access to 'clsUser::stLoginLogout' now defined to be 'public', previously it was defined to be 'private'
  (compiling source file 'BankSystemOOP.cpp')
      C:\Users\soumaia\Desktop\O\BankSystemOOP\BankSystemOOP\BankSystemOOP\clsUser.h(14,12):
      see declaration of 'clsUser::stLoginLogout'
  
C:\Users\soumaia\Desktop\O\BankSystemOOP\BankSystemOOP\BankSystemOOP\clsLang.h(8,13): warning C4091: 'static ': ignored on left of 'enLang' when no variable is declared
  (compiling source file 'BankSystemOOP.cpp')
  
C:\Users\soumaia\Desktop\O\BankSystemOOP\BankSystemOOP\BankSystemOOP\clsTotalBalancesScreen.h(50,60): warning C4244: 'argument': conversion from 'double' to 'int', possible loss of data
  (compiling source file 'BankSystemOOP.cpp')
  
C:\Users\soumaia\Desktop\O\BankSystemOOP\BankSystemOOP\BankSystemOOP\clsBankClient.h(317,1): warning C4715: 'clsBankClient::Save': not all control paths return a value
C:\Users\soumaia\Desktop\O\BankSystemOOP\BankSystemOOP\BankSystemOOP\clsUser.h(366,1): warning C4715: 'clsUser::Save': not all control paths return a value
  BankSystemOOP.vcxproj -> C:\Users\soumaia\Desktop\O\BankSystemOOP\BankSystemOOP\x64\Debug\BankSystemOOP.exe
